2026-09-24 03:17:23.421 [main] INFO  org.example.pages.inventory.InventoryPage - Selecting catalog sort option by value: 'az'
2026-09-24 03:17:54.457 [main] INFO  org.example.pages.inventory.InventoryPage - Selecting catalog sort option by value: 'za'
2026-09-24 03:18:16.748 [main] INFO  org.example.pages.inventory.InventoryPage - Selecting catalog sort option by value: 'hilo'
2026-09-24 03:18:33.903 [main] INFO  org.example.pages.inventory.InventoryPage - Selecting catalog sort option by value: 'lohi'
2026-09-24 03:18:51.213 [main] INFO  org.example.pages.inventory.InventoryPage - Selecting catalog sort option by value: 'lohi'
2026-09-24 03:19:11.887 [main] INFO  org.example.pages.inventory.InventoryPage - Navigating to product details for: 'Sauce Labs Bike Light'
2026-09-24 03:19:49.240 [main] INFO  org.example.pages.inventory.InventoryPage - Navigating to product details for: 'Sauce Labs Onesie'
2026-09-24 03:20:19.439 [main] INFO  org.example.pages.inventory.InventoryPage - Navigating to product details for: 'Sauce Labs Bolt T-Shirt'
2026-09-24 03:20:48.456 [main] INFO  org.example.pages.inventory.InventoryPage - Navigating to product details for: 'Sauce Labs Fleece Jacket'
2026-09-24 03:21:12.704 [main] INFO  org.example.pages.inventory.InventoryPage - Navigating to product details for: 'Sauce Labs Backpack'
2026-09-24 03:28:43.118 [main] INFO  org.example.pages.inventory.InventoryPage - Selecting catalog sort option by value: 'az'
2026-09-24 03:28:59.145 [main] INFO  org.example.pages.inventory.InventoryPage - Selecting catalog sort option by value: 'za'
2026-09-24 03:29:47.102 [main] INFO  org.example.pages.inventory.InventoryPage - Navigating to product details for: 'Sauce Labs Bike Light'
2026-09-24 03:29:47.535 [main] INFO  org.example.pages.product.ProductDetailsPage - Clicking 'Add to cart' on Details Page
2026-09-24 03:29:47.772 [main] INFO  org.example.pages.product.ProductDetailsPage - Clicking 'Remove' on Details Page
2026-09-24 03:29:58.694 [main] INFO  org.example.pages.inventory.InventoryPage - Navigating to product details for: 'Sauce Labs Onesie'
2026-09-24 03:29:58.830 [main] INFO  org.example.pages.product.ProductDetailsPage - Navigating back to inventory catalog via '#back-to-products'
2026-09-24 03:30:11.121 [main] INFO  org.example.pages.inventory.InventoryPage - Navigating to product details for: 'Sauce Labs Bolt T-Shirt'
2026-09-24 03:30:11.273 [main] INFO  org.example.pages.product.ProductDetailsPage - Clicking 'Add to cart' on Details Page
2026-09-24 03:30:11.474 [main] INFO  org.example.pages.product.ProductDetailsPage - Navigating back to inventory catalog via '#back-to-products'
2026-09-24 03:30:19.893 [main] INFO  org.example.pages.inventory.InventoryPage - Navigating to product details for: 'Sauce Labs Fleece Jacket'
2026-09-24 03:30:36.909 [main] INFO  org.example.pages.inventory.InventoryPage - Navigating to product details for: 'Sauce Labs Backpack'
2026-09-24 03:41:06.485 [main] INFO  org.example.pages.inventory.InventoryPage - Navigating to product details for: 'Sauce Labs Bike Light'
2026-09-24 03:41:06.677 [main] INFO  org.example.pages.product.ProductDetailsPage - Clicking 'Add to cart' on Details Page
2026-09-24 03:41:07.215 [main] INFO  org.example.pages.product.ProductDetailsPage - Clicking 'Remove' on Details Page
2026-09-24 03:41:27.510 [main] INFO  org.example.pages.inventory.InventoryPage - Navigating to product details for: 'Sauce Labs Onesie'
2026-09-24 03:41:27.691 [main] INFO  org.example.pages.product.ProductDetailsPage - Navigating back to inventory catalog via '#back-to-products'
2026-09-24 03:41:42.441 [main] INFO  org.example.pages.inventory.InventoryPage - Navigating to product details for: 'Sauce Labs Bolt T-Shirt'
2026-09-24 03:41:42.606 [main] INFO  org.example.pages.product.ProductDetailsPage - Clicking 'Add to cart' on Details Page
2026-09-24 03:41:43.426 [main] INFO  org.example.pages.product.ProductDetailsPage - Navigating back to inventory catalog via '#back-to-products'
2026-09-24 03:41:59.049 [main] INFO  org.example.pages.inventory.InventoryPage - Navigating to product details for: 'Sauce Labs Fleece Jacket'
2026-09-24 03:42:16.949 [main] INFO  org.example.pages.inventory.InventoryPage - Navigating to product details for: 'Sauce Labs Backpack'
2026-09-24 04:05:42.547 [main] INFO  org.example.pages.inventory.InventoryPage - Navigating to product details via title: 'Sauce Labs Bike Light'
2026-09-24 04:05:43.035 [main] INFO  org.example.pages.product.ProductDetailsPage - Clicking 'Add to cart' on Details Page
2026-09-24 04:05:43.549 [main] INFO  org.example.pages.product.ProductDetailsPage - Clicking 'Remove' on Details Page
2026-09-24 04:06:23.649 [main] INFO  org.example.pages.inventory.InventoryPage - Navigating to product details via title: 'Sauce Labs Onesie'
2026-09-24 04:06:23.970 [main] INFO  org.example.pages.product.ProductDetailsPage - Navigating back to inventory catalog via '#back-to-products'
2026-09-24 04:06:40.905 [main] INFO  org.example.pages.inventory.InventoryPage - Navigating to product details via title: 'Sauce Labs Bolt T-Shirt'
2026-09-24 04:06:41.051 [main] INFO  org.example.pages.product.ProductDetailsPage - Clicking 'Add to cart' on Details Page
2026-09-24 04:06:41.855 [main] INFO  org.example.pages.product.ProductDetailsPage - Navigating back to inventory catalog via '#back-to-products'
2026-09-24 04:07:01.098 [main] INFO  org.example.pages.inventory.InventoryPage - Navigating to product details via title: 'Sauce Labs Fleece Jacket'
2026-09-24 04:07:01.323 [main] INFO  org.example.pages.product.ProductDetailsPage - Hovering mouse cursor over product hero image
2026-09-24 04:07:01.917 [main] INFO  org.example.pages.product.ProductDetailsPage - Inspected hero image rendered viewport dimensions: 408x617 px
2026-09-24 04:07:24.187 [main] INFO  org.example.pages.inventory.InventoryPage - Navigating to product details via title: 'Sauce Labs Backpack'
2026-09-24 04:07:45.352 [main] INFO  org.example.pages.inventory.InventoryPage - Navigating to product details via title: 'Sauce Labs Backpack'
2026-09-24 04:08:01.740 [main] INFO  org.example.pages.inventory.InventoryPage - Selecting catalog sort option by value: 'lohi'
2026-09-24 04:08:02.295 [main] INFO  org.example.pages.inventory.InventoryPage - Navigating to product details via title: 'Sauce Labs Onesie'
2026-09-24 04:08:02.649 [main] INFO  org.example.pages.product.ProductDetailsPage - Navigating back to inventory catalog via '#back-to-products'
2026-09-24 04:09:07.612 [main] INFO  org.example.pages.inventory.InventoryPage - Adding 'Sauce Labs Backpack' to cart from inventory
2026-09-24 04:09:08.013 [main] INFO  org.example.pages.inventory.InventoryPage - Removing 'Sauce Labs Backpack' from cart from inventory
2026-09-24 04:10:35.214 [main] INFO  org.example.pages.inventory.InventoryPage - Navigating to product details via title: 'Sauce Labs Bike Light'
2026-09-24 04:10:37.049 [main] INFO  org.example.pages.product.ProductDetailsPage - Clicking 'Add to cart' on Details Page
2026-09-24 04:10:37.382 [main] INFO  org.example.pages.product.ProductDetailsPage - Clicking 'Remove' on Details Page
2026-09-24 04:10:52.993 [main] INFO  org.example.pages.inventory.InventoryPage - Navigating to product details via title: 'Sauce Labs Onesie'
2026-09-24 04:10:53.140 [main] INFO  org.example.pages.product.ProductDetailsPage - Navigating back to inventory catalog via '#back-to-products'
2026-09-24 04:11:05.036 [main] INFO  org.example.pages.inventory.InventoryPage - Navigating to product details via title: 'Sauce Labs Bolt T-Shirt'
2026-09-24 04:11:05.221 [main] INFO  org.example.pages.product.ProductDetailsPage - Clicking 'Add to cart' on Details Page
2026-09-24 04:11:05.414 [main] INFO  org.example.pages.product.ProductDetailsPage - Navigating back to inventory catalog via '#back-to-products'
2026-09-24 04:11:19.373 [main] INFO  org.example.pages.inventory.InventoryPage - Navigating to product details via title: 'Sauce Labs Fleece Jacket'
2026-09-24 04:11:19.643 [main] INFO  org.example.pages.product.ProductDetailsPage - Hovering mouse cursor over product hero image
2026-09-24 04:11:19.939 [main] INFO  org.example.pages.product.ProductDetailsPage - Inspected hero image rendered viewport dimensions: 408x617 px
2026-09-24 04:11:35.965 [main] INFO  org.example.pages.inventory.InventoryPage - Navigating to product details via title: 'Sauce Labs Backpack'
2026-09-24 04:13:31.560 [main] INFO  org.example.pages.inventory.InventoryPage - Adding 'Sauce Labs Backpack' to cart from inventory
2026-09-24 04:13:31.866 [main] INFO  org.example.pages.inventory.InventoryPage - Removing 'Sauce Labs Backpack' from cart from inventory
2026-09-24 04:14:02.395 [main] INFO  org.example.pages.inventory.InventoryPage - Navigating to product details via image thumbnail for: 'Sauce Labs Bike Light'
2026-09-24 04:14:22.618 [main] INFO  org.example.pages.inventory.InventoryPage - Scrolling smoothly to footer
2026-09-24 04:14:49.631 [main] INFO  org.example.pages.inventory.InventoryPage - Selecting catalog sort option by value: 'az'
2026-09-24 04:15:01.830 [main] INFO  org.example.pages.inventory.InventoryPage - Selecting catalog sort option by value: 'za'
2026-09-24 04:15:10.406 [main] INFO  org.example.pages.inventory.InventoryPage - Selecting catalog sort option by value: 'hilo'
2026-09-24 04:15:28.185 [main] INFO  org.example.pages.inventory.InventoryPage - Selecting catalog sort option by value: 'lohi'
2026-09-24 04:15:45.552 [main] INFO  org.example.pages.inventory.InventoryPage - Selecting catalog sort option by value: 'lohi'
2026-09-24 04:18:11.764 [main] INFO  org.example.pages.inventory.InventoryPage - Scrolling smoothly to footer
2026-09-24 04:24:57.662 [main] INFO  org.example.pages.inventory.InventoryPage - Scrolling smoothly to footer
2026-09-24 04:28:29.662 [main] INFO  org.example.pages.inventory.InventoryPage - Navigating to product details via title: 'Sauce Labs Bike Light'
2026-09-24 04:28:30.341 [main] INFO  org.example.pages.product.ProductDetailsPage - Clicking 'Add to cart' on Details Page
2026-09-24 04:28:31.591 [main] INFO  org.example.pages.product.ProductDetailsPage - Clicking 'Remove' on Details Page
2026-09-24 04:28:52.328 [main] INFO  org.example.pages.inventory.InventoryPage - Navigating to product details via title: 'Sauce Labs Onesie'
2026-09-24 04:28:52.922 [main] INFO  org.example.pages.product.ProductDetailsPage - Navigating back to inventory catalog via '#back-to-products'
2026-09-24 04:29:13.091 [main] INFO  org.example.pages.inventory.InventoryPage - Navigating to product details via title: 'Sauce Labs Bolt T-Shirt'
2026-09-24 04:29:13.305 [main] INFO  org.example.pages.product.ProductDetailsPage - Clicking 'Add to cart' on Details Page
2026-09-24 04:29:13.496 [main] INFO  org.example.pages.product.ProductDetailsPage - Navigating back to inventory catalog via '#back-to-products'
2026-09-24 04:29:27.422 [main] INFO  org.example.pages.inventory.InventoryPage - Navigating to product details via title: 'Sauce Labs Fleece Jacket'
2026-09-24 04:29:50.173 [main] INFO  org.example.pages.inventory.InventoryPage - Navigating to product details via title: 'Sauce Labs Backpack'
2026-09-24 04:30:03.631 [main] INFO  org.example.pages.inventory.InventoryPage - Navigating to product details via title: 'Sauce Labs Backpack'
2026-09-24 04:30:20.247 [main] INFO  org.example.pages.inventory.InventoryPage - Selecting catalog sort option by value: 'lohi'
2026-09-24 04:30:21.004 [main] INFO  org.example.pages.inventory.InventoryPage - Navigating to product details via title: 'Sauce Labs Onesie'
2026-09-24 04:30:21.188 [main] INFO  org.example.pages.product.ProductDetailsPage - Navigating back to inventory catalog via '#back-to-products'
2026-09-24 04:30:43.667 [main] INFO  org.example.pages.inventory.InventoryPage - Navigating to product details via image thumbnail for: 'Sauce Labs Onesie'
2026-09-24 04:31:29.900 [main] INFO  org.example.pages.inventory.InventoryPage - Navigating to product details via title: 'Sauce Labs Onesie'
2026-09-24 04:31:30.036 [main] INFO  org.example.pages.product.ProductDetailsPage - Navigating back to inventory catalog via '#back-to-products'
2026-09-24 04:42:12.154 [main] INFO  org.example.pages.inventory.InventoryPage - Adding 'Sauce Labs Backpack' to cart from inventory
2026-09-24 04:42:12.777 [main] INFO  org.example.pages.inventory.InventoryPage - Removing 'Sauce Labs Backpack' from cart from inventory
2026-09-24 04:42:39.800 [main] INFO  org.example.pages.inventory.InventoryPage - Navigating to product details via image thumbnail for: 'Sauce Labs Bike Light'
2026-09-24 04:42:55.786 [main] INFO  org.example.components.FooterComponent - Scrolling smoothly to global footer component
2026-09-24 04:42:56.149 [main] INFO  org.example.pages.inventory.InventoryPage - Scrolling back to top of catalog
2026-09-24 04:43:07.213 [main] INFO  org.example.pages.inventory.InventoryPage - Selecting catalog sort option by value: 'az'
2026-09-24 04:43:22.340 [main] INFO  org.example.pages.inventory.InventoryPage - Selecting catalog sort option by value: 'za'
2026-09-24 04:43:32.755 [main] INFO  org.example.pages.inventory.InventoryPage - Selecting catalog sort option by value: 'hilo'
2026-09-24 04:43:43.423 [main] INFO  org.example.pages.inventory.InventoryPage - Selecting catalog sort option by value: 'lohi'
2026-09-24 04:43:53.166 [main] INFO  org.example.pages.inventory.InventoryPage - Selecting catalog sort option by value: 'lohi'
2026-09-24 04:45:34.166 [main] INFO  org.example.pages.inventory.InventoryPage - Navigating to product details via title: 'Sauce Labs Bike Light'
2026-09-24 04:45:34.352 [main] INFO  org.example.pages.product.ProductDetailsPage - Clicking 'Add to cart' on Details Page
2026-09-24 04:45:34.649 [main] INFO  org.example.pages.product.ProductDetailsPage - Clicking 'Remove' on Details Page
2026-09-24 04:45:55.996 [main] INFO  org.example.pages.inventory.InventoryPage - Navigating to product details via title: 'Sauce Labs Onesie'
2026-09-24 04:45:56.189 [main] INFO  org.example.pages.product.ProductDetailsPage - Navigating back to inventory catalog via '#back-to-products'
2026-09-24 04:46:16.132 [main] INFO  org.example.pages.inventory.InventoryPage - Navigating to product details via title: 'Sauce Labs Bolt T-Shirt'
2026-09-24 04:46:16.317 [main] INFO  org.example.pages.product.ProductDetailsPage - Clicking 'Add to cart' on Details Page
2026-09-24 04:46:16.607 [main] INFO  org.example.pages.product.ProductDetailsPage - Navigating back to inventory catalog via '#back-to-products'
2026-09-24 04:46:44.569 [main] INFO  org.example.pages.inventory.InventoryPage - Navigating to product details via title: 'Sauce Labs Fleece Jacket'
2026-09-24 04:46:44.868 [main] INFO  org.example.pages.product.ProductDetailsPage - Hovering mouse cursor over product hero image
2026-09-24 04:46:45.509 [main] INFO  org.example.pages.product.ProductDetailsPage - Inspected hero image rendered viewport dimensions: 408x617 px
2026-09-24 04:46:59.461 [main] INFO  org.example.pages.inventory.InventoryPage - Navigating to product details via title: 'Sauce Labs Backpack'
2026-09-24 04:47:11.063 [main] INFO  org.example.pages.inventory.InventoryPage - Navigating to product details via title: 'Sauce Labs Backpack'
2026-09-24 04:47:19.995 [main] INFO  org.example.pages.inventory.InventoryPage - Selecting catalog sort option by value: 'lohi'
2026-09-24 04:47:20.325 [main] INFO  org.example.pages.inventory.InventoryPage - Navigating to product details via title: 'Sauce Labs Onesie'
2026-09-24 04:47:20.464 [main] INFO  org.example.pages.product.ProductDetailsPage - Navigating back to inventory catalog via '#back-to-products'
2026-09-24 04:47:35.591 [main] INFO  org.example.pages.inventory.InventoryPage - Navigating to product details via image thumbnail for: 'Sauce Labs Onesie'
2026-09-24 05:10:31.365 [main] INFO  org.example.pages.inventory.InventoryPage - Adding 'Sauce Labs Backpack' to cart from inventory
2026-09-24 05:10:31.877 [main] INFO  org.example.pages.inventory.InventoryPage - Removing 'Sauce Labs Backpack' from cart from inventory
2026-09-24 05:11:40.910 [main] INFO  org.example.pages.inventory.InventoryPage - Navigating to product details via image thumbnail for: 'Sauce Labs Bike Light'
2026-09-24 05:12:13.648 [main] INFO  org.example.pages.inventory.InventoryPage - Adding 'Sauce Labs Onesie' to cart from inventory
2026-09-24 05:12:13.903 [main] INFO  org.example.pages.inventory.InventoryPage - Removing 'Sauce Labs Onesie' from cart from inventory
2026-09-24 05:12:14.083 [main] INFO  org.example.pages.inventory.InventoryPage - Adding 'Sauce Labs Onesie' to cart from inventory
2026-09-24 05:12:14.265 [main] INFO  org.example.pages.inventory.InventoryPage - Removing 'Sauce Labs Onesie' from cart from inventory
2026-09-24 05:12:14.407 [main] INFO  org.example.pages.inventory.InventoryPage - Adding 'Sauce Labs Onesie' to cart from inventory
2026-09-24 05:12:14.599 [main] INFO  org.example.pages.inventory.InventoryPage - Removing 'Sauce Labs Onesie' from cart from inventory
2026-09-24 05:12:27.931 [main] INFO  org.example.pages.inventory.InventoryPage - Adding 'Sauce Labs Backpack' to cart from inventory
2026-09-24 05:12:28.128 [main] INFO  org.example.pages.inventory.InventoryPage - Adding 'Sauce Labs Bike Light' to cart from inventory
2026-09-24 05:12:28.301 [main] INFO  org.example.pages.inventory.InventoryPage - Triggering 'Reset App State' from burger menu
2026-09-24 05:12:50.126 [main] INFO  org.example.components.FooterComponent - Scrolling smoothly to global footer component
2026-09-24 05:12:50.495 [main] INFO  org.example.pages.inventory.InventoryPage - Scrolling back to top of catalog
2026-09-24 05:13:02.361 [main] INFO  org.example.pages.inventory.InventoryPage - Adding 'Sauce Labs Backpack' to cart from inventory
2026-09-24 05:13:02.712 [main] INFO  org.example.pages.inventory.InventoryPage - Adding 'Sauce Labs Bike Light' to cart from inventory
2026-09-24 05:13:02.878 [main] INFO  org.example.pages.inventory.InventoryPage - Adding 'Sauce Labs Bolt T-Shirt' to cart from inventory
2026-09-24 05:13:19.324 [main] INFO  org.example.pages.inventory.InventoryPage - Selecting catalog sort option by value: 'az'
2026-09-24 05:13:32.136 [main] INFO  org.example.pages.inventory.InventoryPage - Selecting catalog sort option by value: 'za'
2026-09-24 05:13:50.176 [main] INFO  org.example.pages.inventory.InventoryPage - Selecting catalog sort option by value: 'hilo'
2026-09-24 05:14:03.791 [main] INFO  org.example.pages.inventory.InventoryPage - Selecting catalog sort option by value: 'lohi'
2026-09-24 05:14:16.994 [main] INFO  org.example.pages.inventory.InventoryPage - Selecting catalog sort option by value: 'lohi'
2026-09-24 05:15:20.641 [main] INFO  org.example.pages.inventory.InventoryPage - Navigating to product details via title: 'Sauce Labs Bike Light'
2026-09-24 05:15:20.821 [main] INFO  org.example.pages.product.ProductDetailsPage - Clicking 'Add to cart' on Details Page
2026-09-24 05:15:21.171 [main] INFO  org.example.pages.product.ProductDetailsPage - Clicking 'Remove' on Details Page
2026-09-24 05:15:39.205 [main] INFO  org.example.pages.inventory.InventoryPage - Navigating to product details via title: 'Sauce Labs Onesie'
2026-09-24 05:15:39.365 [main] INFO  org.example.pages.product.ProductDetailsPage - Navigating back to inventory catalog via '#back-to-products'
2026-09-24 05:16:00.344 [main] INFO  org.example.pages.inventory.InventoryPage - Navigating to product details via title: 'Sauce Labs Bolt T-Shirt'
2026-09-24 05:16:00.492 [main] INFO  org.example.pages.product.ProductDetailsPage - Clicking 'Add to cart' on Details Page
2026-09-24 05:16:00.727 [main] INFO  org.example.pages.product.ProductDetailsPage - Navigating back to inventory catalog via '#back-to-products'
2026-09-24 05:16:17.912 [main] INFO  org.example.pages.inventory.InventoryPage - Navigating to product details via title: 'Sauce Labs Backpack'
2026-09-24 05:17:06.481 [main] INFO  org.example.pages.inventory.InventoryPage - Navigating to product details via title: 'Sauce Labs Fleece Jacket'
2026-09-24 05:17:06.666 [main] INFO  org.example.pages.product.ProductDetailsPage - Hovering mouse cursor over product hero image
2026-09-24 05:17:06.963 [main] INFO  org.example.pages.product.ProductDetailsPage - Inspected hero image rendered viewport dimensions: 408x617 px
2026-09-24 05:17:18.564 [main] INFO  org.example.pages.inventory.InventoryPage - Navigating to product details via title: 'Sauce Labs Backpack'
2026-09-24 05:17:31.916 [main] INFO  org.example.pages.inventory.InventoryPage - Navigating to product details via title: 'Sauce Labs Backpack'
2026-09-24 05:17:41.456 [main] INFO  org.example.pages.inventory.InventoryPage - Selecting catalog sort option by value: 'lohi'
2026-09-24 05:17:41.693 [main] INFO  org.example.pages.inventory.InventoryPage - Navigating to product details via title: 'Sauce Labs Onesie'
2026-09-24 05:17:41.831 [main] INFO  org.example.pages.product.ProductDetailsPage - Navigating back to inventory catalog via '#back-to-products'
2026-09-24 05:18:58.028 [main] INFO  org.example.pages.inventory.InventoryPage - Navigating to product details via title: 'Sauce Labs Bike Light'
2026-09-24 05:18:58.172 [main] INFO  org.example.pages.product.ProductDetailsPage - Clicking 'Add to cart' on Details Page
2026-09-24 05:18:58.478 [main] INFO  org.example.pages.product.ProductDetailsPage - Clicking 'Remove' on Details Page
2026-09-24 05:19:10.419 [main] INFO  org.example.pages.inventory.InventoryPage - Navigating to product details via title: 'Sauce Labs Onesie'
2026-09-24 05:19:10.677 [main] INFO  org.example.pages.product.ProductDetailsPage - Navigating back to inventory catalog via '#back-to-products'
2026-09-24 05:19:24.502 [main] INFO  org.example.pages.inventory.InventoryPage - Navigating to product details via title: 'Sauce Labs Bolt T-Shirt'
2026-09-24 05:19:24.641 [main] INFO  org.example.pages.product.ProductDetailsPage - Clicking 'Add to cart' on Details Page
2026-09-24 05:19:25.406 [main] INFO  org.example.pages.product.ProductDetailsPage - Navigating back to inventory catalog via '#back-to-products'
2026-09-24 05:33:25.620 [main] INFO  org.example.pages.inventory.InventoryPage - Navigating to product details via title: 'Sauce Labs Backpack'
2026-09-24 05:33:26.861 [main] INFO  org.example.pages.product.ProductDetailsPage - Navigating back to inventory catalog via '#back-to-products'
2026-09-24 05:33:46.734 [main] INFO  org.example.pages.inventory.InventoryPage - Navigating to product details via title: 'Sauce Labs Bike Light'
2026-09-24 05:50:43.109 [main] INFO  org.example.pages.inventory.InventoryPage - Navigating to product details via title: 'Sauce Labs Bike Light'
2026-09-24 05:50:43.536 [main] INFO  org.example.pages.product.ProductDetailsPage - Clicking 'Add to cart' on Details Page
2026-09-24 05:50:43.798 [main] INFO  org.example.pages.product.ProductDetailsPage - Clicking 'Remove' on Details Page
2026-09-24 05:51:40.075 [main] INFO  org.example.pages.inventory.InventoryPage - Navigating to product details via title: 'Sauce Labs Bolt T-Shirt'
2026-09-24 05:51:40.445 [main] INFO  org.example.pages.product.ProductDetailsPage - Clicking 'Add to cart' on Details Page
2026-09-24 05:51:40.835 [main] INFO  org.example.pages.product.ProductDetailsPage - Navigating back to inventory catalog via '#back-to-products'
2026-09-24 05:52:42.860 [main] INFO  org.example.pages.inventory.InventoryPage - Navigating to product details via title: 'Sauce Labs Fleece Jacket'
2026-09-24 05:53:17.374 [main] INFO  org.example.pages.inventory.InventoryPage - Navigating to product details via title: 'Sauce Labs Backpack'
2026-09-24 05:53:48.189 [main] INFO  org.example.pages.inventory.InventoryPage - Navigating to product details via title: 'Sauce Labs Onesie'
2026-09-24 05:53:48.351 [main] INFO  org.example.pages.product.ProductDetailsPage - Navigating back to inventory catalog via '#back-to-products'
2026-09-24 05:54:13.095 [main] INFO  org.example.pages.inventory.InventoryPage - Navigating to product details via title: 'Sauce Labs Backpack'
2026-09-24 06:08:33.122 [main] INFO  org.example.pages.inventory.InventoryPage - Adding 'Sauce Labs Backpack' to cart from inventory
2026-09-24 06:08:33.744 [main] INFO  org.example.pages.inventory.InventoryPage - Adding 'Sauce Labs Bike Light' to cart from inventory
2026-09-24 06:08:33.876 [main] INFO  org.example.pages.inventory.InventoryPage - Adding 'Sauce Labs Bolt T-Shirt' to cart from inventory
2026-09-24 06:09:05.418 [main] INFO  org.example.pages.inventory.InventoryPage - Adding 'Sauce Labs Backpack' to cart from inventory
2026-09-24 06:09:29.555 [main] INFO  org.example.pages.inventory.InventoryPage - Adding 'Sauce Labs Backpack' to cart from inventory
2026-09-24 06:10:00.395 [main] INFO  org.example.pages.inventory.InventoryPage - Adding 'Sauce Labs Fleece Jacket' to cart from inventory
2026-09-24 06:10:00.569 [main] INFO  org.example.pages.inventory.InventoryPage - Removing 'Sauce Labs Fleece Jacket' from cart from inventory
2026-09-24 06:10:18.385 [main] INFO  org.example.pages.inventory.InventoryPage - Adding 'Sauce Labs Backpack' to cart from inventory
2026-09-24 06:10:18.519 [main] INFO  org.example.pages.inventory.InventoryPage - Adding 'Sauce Labs Bike Light' to cart from inventory
2026-09-24 06:10:18.786 [main] INFO  org.example.pages.cart.CartPage - Removing item from cart inside Cart view: 'Sauce Labs Backpack'
2026-09-24 06:10:36.118 [main] INFO  org.example.pages.inventory.InventoryPage - Adding 'Sauce Labs Backpack' to cart from inventory
2026-09-24 06:10:36.247 [main] INFO  org.example.pages.inventory.InventoryPage - Adding 'Sauce Labs Bike Light' to cart from inventory
2026-09-24 06:10:36.434 [main] INFO  org.example.pages.inventory.InventoryPage - Triggering 'Reset App State' from burger menu
2026-09-24 06:11:01.021 [main] INFO  org.example.pages.inventory.InventoryPage - Adding 'Sauce Labs Backpack' to cart from inventory
2026-09-24 06:11:01.269 [main] INFO  org.example.pages.inventory.InventoryPage - Adding 'Sauce Labs Bike Light' to cart from inventory
2026-09-24 06:11:01.461 [main] INFO  org.example.pages.inventory.InventoryPage - Adding 'Sauce Labs Onesie' to cart from inventory
2026-09-24 06:11:15.068 [main] INFO  org.example.pages.inventory.InventoryPage - Adding 'Sauce Labs Backpack' to cart from inventory
2026-09-24 06:11:15.240 [main] INFO  org.example.pages.inventory.InventoryPage - Removing 'Sauce Labs Backpack' from cart from inventory
2026-09-24 06:27:23.543 [main] INFO  org.example.pages.inventory.InventoryPage - Adding 'Sauce Labs Backpack' to cart from inventory
2026-09-24 06:27:23.868 [main] INFO  org.example.pages.cart.CartPage - Clicking 'Checkout' to begin checkout workflow
2026-09-24 06:27:48.779 [main] INFO  org.example.pages.inventory.InventoryPage - Adding 'Sauce Labs Backpack' to cart from inventory
2026-09-24 06:27:49.593 [main] INFO  org.example.pages.cart.CartPage - Clicking 'Checkout' to begin checkout workflow
2026-09-24 06:27:50.516 [main] INFO  org.example.pages.checkout.CheckoutStepOnePage - Submitting customer information and continuing to Step Two
2026-09-24 06:27:51.237 [main] INFO  org.example.pages.checkout.CheckoutStepTwoPage - Clicking 'Finish' to complete order
2026-09-24 06:28:06.738 [main] INFO  org.example.pages.inventory.InventoryPage - Adding 'Sauce Labs Backpack' to cart from inventory
2026-09-24 06:28:06.839 [main] INFO  org.example.pages.inventory.InventoryPage - Adding 'Sauce Labs Bike Light' to cart from inventory
2026-09-24 06:28:06.935 [main] INFO  org.example.pages.inventory.InventoryPage - Adding 'Sauce Labs Fleece Jacket' to cart from inventory
2026-09-24 06:28:07.160 [main] INFO  org.example.pages.cart.CartPage - Clicking 'Checkout' to begin checkout workflow
2026-09-24 06:28:07.688 [main] INFO  org.example.pages.checkout.CheckoutStepOnePage - Submitting customer information and continuing to Step Two
2026-09-24 06:28:23.873 [main] INFO  org.example.pages.inventory.InventoryPage - Adding 'Sauce Labs Backpack' to cart from inventory
2026-09-24 06:28:24.122 [main] INFO  org.example.pages.cart.CartPage - Clicking 'Checkout' to begin checkout workflow
2026-09-24 06:28:38.252 [main] INFO  org.example.pages.inventory.InventoryPage - Adding 'Sauce Labs Backpack' to cart from inventory
2026-09-24 06:28:38.583 [main] INFO  org.example.pages.cart.CartPage - Clicking 'Checkout' to begin checkout workflow
2026-09-24 06:28:50.963 [main] INFO  org.example.pages.inventory.InventoryPage - Adding 'Sauce Labs Backpack' to cart from inventory
2026-09-24 06:28:51.247 [main] INFO  org.example.pages.cart.CartPage - Clicking 'Checkout' to begin checkout workflow
2026-09-24 06:38:36.816 [main] INFO  org.example.pages.inventory.InventoryPage - Adding 'Sauce Labs Backpack' to cart from inventory
2026-09-24 06:38:37.650 [main] INFO  org.example.pages.cart.CartPage - Clicking 'Checkout' to begin checkout workflow
2026-09-24 06:39:10.406 [main] INFO  org.example.pages.inventory.InventoryPage - Adding 'Sauce Labs Backpack' to cart from inventory
2026-09-24 06:39:10.777 [main] INFO  org.example.pages.cart.CartPage - Clicking 'Checkout' to begin checkout workflow
2026-09-24 06:39:11.385 [main] INFO  org.example.pages.checkout.CheckoutStepOnePage - Submitting customer information and continuing to Step Two
2026-09-24 06:39:12.210 [main] INFO  org.example.pages.checkout.CheckoutStepTwoPage - Clicking 'Finish' to complete order
2026-09-24 06:39:30.982 [main] INFO  org.example.pages.inventory.InventoryPage - Adding 'Sauce Labs Backpack' to cart from inventory
2026-09-24 06:39:31.129 [main] INFO  org.example.pages.inventory.InventoryPage - Adding 'Sauce Labs Bike Light' to cart from inventory
2026-09-24 06:39:31.280 [main] INFO  org.example.pages.inventory.InventoryPage - Adding 'Sauce Labs Fleece Jacket' to cart from inventory
2026-09-24 06:39:31.471 [main] INFO  org.example.pages.cart.CartPage - Clicking 'Checkout' to begin checkout workflow
2026-09-24 06:39:32.650 [main] INFO  org.example.pages.checkout.CheckoutStepOnePage - Submitting customer information and continuing to Step Two
2026-09-24 06:39:53.302 [main] INFO  org.example.pages.inventory.InventoryPage - Adding 'Sauce Labs Backpack' to cart from inventory
2026-09-24 06:39:53.504 [main] INFO  org.example.pages.cart.CartPage - Clicking 'Checkout' to begin checkout workflow
2026-09-24 06:40:12.087 [main] INFO  org.example.pages.inventory.InventoryPage - Adding 'Sauce Labs Backpack' to cart from inventory
2026-09-24 06:40:12.307 [main] INFO  org.example.pages.cart.CartPage - Clicking 'Checkout' to begin checkout workflow
2026-09-24 06:40:24.295 [main] INFO  org.example.pages.inventory.InventoryPage - Adding 'Sauce Labs Backpack' to cart from inventory
2026-09-24 06:40:24.597 [main] INFO  org.example.pages.cart.CartPage - Clicking 'Checkout' to begin checkout workflow
2026-09-24 06:40:37.805 [main] INFO  org.example.pages.inventory.InventoryPage - Adding 'Sauce Labs Backpack' to cart from inventory
2026-09-24 06:40:37.920 [main] INFO  org.example.pages.inventory.InventoryPage - Adding 'Sauce Labs Bike Light' to cart from inventory
2026-09-24 06:40:38.120 [main] INFO  org.example.pages.cart.CartPage - Clicking 'Checkout' to begin checkout workflow
2026-09-24 06:40:38.638 [main] INFO  org.example.pages.checkout.CheckoutStepOnePage - Submitting customer information and continuing to Step Two
2026-09-24 14:15:08.984 [main] INFO  org.example.pages.inventory.InventoryPage - Adding 'Sauce Labs Backpack' to cart from inventory
2026-09-24 14:15:25.778 [main] INFO  org.example.pages.inventory.InventoryPage - Adding 'Sauce Labs Backpack' to cart from inventory
2026-09-24 14:16:24.415 [main] INFO  org.example.pages.inventory.InventoryPage - Adding 'Sauce Labs Backpack' to cart from inventory
2026-09-24 14:16:24.594 [main] INFO  org.example.pages.inventory.InventoryPage - Adding 'Sauce Labs Bike Light' to cart from inventory
2026-09-24 14:16:24.704 [main] INFO  org.example.pages.inventory.InventoryPage - Adding 'Sauce Labs Bolt T-Shirt' to cart from inventory
2026-09-24 15:49:31.477 [main] INFO  org.example.pages.inventory.InventoryPage - Adding 'Sauce Labs Backpack' to cart from inventory
2026-09-24 15:49:32.004 [main] INFO  org.example.pages.inventory.InventoryPage - Removing 'Sauce Labs Backpack' from cart from inventory
2026-09-24 15:49:47.121 [main] INFO  org.example.pages.inventory.InventoryPage - Adding 'Sauce Labs Backpack' to cart from inventory
2026-09-24 15:49:47.341 [main] INFO  org.example.pages.inventory.InventoryPage - Adding 'Sauce Labs Bike Light' to cart from inventory
2026-09-24 15:49:47.488 [main] INFO  org.example.pages.inventory.InventoryPage - Adding 'Sauce Labs Bolt T-Shirt' to cart from inventory
2026-09-24 15:50:43.131 [main] INFO  org.example.pages.inventory.InventoryPage - Navigating to product details via image thumbnail for: 'Sauce Labs Bike Light'
2026-09-24 15:53:20.948 [main] INFO  org.example.pages.inventory.InventoryPage - Adding 'Sauce Labs Backpack' to cart from inventory
2026-09-24 15:53:21.544 [main] INFO  org.example.pages.inventory.InventoryPage - Adding 'Sauce Labs Bike Light' to cart from inventory
2026-09-24 15:53:21.773 [main] INFO  org.example.pages.inventory.InventoryPage - Adding 'Sauce Labs Bolt T-Shirt' to cart from inventory
2026-09-24 15:54:28.665 [main] INFO  org.example.pages.inventory.InventoryPage - Adding 'Sauce Labs Backpack' to cart from inventory
2026-09-24 15:59:08.700 [main] INFO  org.example.pages.inventory.InventoryPage - Adding 'Sauce Labs Backpack' to cart from inventory
2026-09-24 15:59:09.223 [main] INFO  org.example.pages.inventory.InventoryPage - Removing 'Sauce Labs Backpack' from cart from inventory
2026-09-24 15:59:46.051 [main] INFO  org.example.pages.inventory.InventoryPage - Adding 'Sauce Labs Backpack' to cart from inventory
2026-09-24 15:59:46.287 [main] INFO  org.example.pages.inventory.InventoryPage - Adding 'Sauce Labs Bike Light' to cart from inventory
2026-09-24 15:59:46.447 [main] INFO  org.example.pages.inventory.InventoryPage - Adding 'Sauce Labs Bolt T-Shirt' to cart from inventory
2026-09-24 16:01:17.758 [main] INFO  org.example.pages.inventory.InventoryPage - Navigating to product details via image thumbnail for: 'Sauce Labs Bike Light'
2026-09-24 16:02:23.565 [main] INFO  org.example.pages.inventory.InventoryPage - Adding 'Sauce Labs Onesie' to cart from inventory
2026-09-24 16:02:29.809 [main] INFO  org.example.pages.inventory.InventoryPage - Removing 'Sauce Labs Onesie' from cart from inventory
2026-09-24 16:02:30.388 [main] INFO  org.example.pages.inventory.InventoryPage - Adding 'Sauce Labs Onesie' to cart from inventory
2026-09-24 16:02:30.845 [main] INFO  org.example.pages.inventory.InventoryPage - Removing 'Sauce Labs Onesie' from cart from inventory
2026-09-24 16:02:30.978 [main] INFO  org.example.pages.inventory.InventoryPage - Adding 'Sauce Labs Onesie' to cart from inventory
2026-09-24 16:02:31.158 [main] INFO  org.example.pages.inventory.InventoryPage - Removing 'Sauce Labs Onesie' from cart from inventory
2026-09-24 16:05:16.006 [main] INFO  org.example.pages.inventory.InventoryPage - Navigating to product details via title: 'Sauce Labs Bike Light'
2026-09-24 16:05:17.073 [main] INFO  org.example.pages.product.ProductDetailsPage - Clicking 'Add to cart' on Details Page
2026-09-24 16:05:17.305 [main] INFO  org.example.pages.product.ProductDetailsPage - Clicking 'Remove' on Details Page
2026-09-24 16:05:44.259 [main] INFO  org.example.pages.inventory.InventoryPage - Navigating to product details via title: 'Sauce Labs Bolt T-Shirt'
2026-09-24 16:05:44.481 [main] INFO  org.example.pages.product.ProductDetailsPage - Clicking 'Add to cart' on Details Page
2026-09-24 16:05:44.737 [main] INFO  org.example.pages.product.ProductDetailsPage - Navigating back to inventory catalog via '#back-to-products'
2026-09-24 16:50:06.363 [main] INFO  org.example.pages.inventory.InventoryPage - Adding 'Sauce Labs Backpack' to cart from inventory
2026-09-24 16:50:06.717 [main] INFO  org.example.pages.inventory.InventoryPage - Removing 'Sauce Labs Backpack' from cart from inventory
2026-09-24 16:50:16.901 [main] INFO  org.example.pages.inventory.InventoryPage - Adding 'Sauce Labs Backpack' to cart from inventory
2026-09-24 16:50:17.098 [main] INFO  org.example.pages.inventory.InventoryPage - Adding 'Sauce Labs Bike Light' to cart from inventory
2026-09-24 16:50:17.258 [main] INFO  org.example.pages.inventory.InventoryPage - Adding 'Sauce Labs Bolt T-Shirt' to cart from inventory
2026-09-24 16:50:57.074 [main] INFO  org.example.pages.inventory.InventoryPage - Navigating to product details via image thumbnail for: 'Sauce Labs Bike Light'
2026-09-24 16:51:24.550 [main] INFO  org.example.pages.inventory.InventoryPage - Adding 'Sauce Labs Onesie' to cart from inventory
2026-09-24 16:51:24.921 [main] INFO  org.example.pages.inventory.InventoryPage - Removing 'Sauce Labs Onesie' from cart from inventory
2026-09-24 16:51:25.048 [main] INFO  org.example.pages.inventory.InventoryPage - Adding 'Sauce Labs Onesie' to cart from inventory
2026-09-24 16:51:25.239 [main] INFO  org.example.pages.inventory.InventoryPage - Removing 'Sauce Labs Onesie' from cart from inventory
2026-09-24 16:51:25.380 [main] INFO  org.example.pages.inventory.InventoryPage - Adding 'Sauce Labs Onesie' to cart from inventory
2026-09-24 16:51:25.546 [main] INFO  org.example.pages.inventory.InventoryPage - Removing 'Sauce Labs Onesie' from cart from inventory
2026-09-24 16:51:34.645 [main] INFO  org.example.pages.inventory.InventoryPage - Adding 'Sauce Labs Backpack' to cart from inventory
2026-09-24 16:51:34.748 [main] INFO  org.example.pages.inventory.InventoryPage - Adding 'Sauce Labs Bike Light' to cart from inventory
2026-09-24 16:51:34.992 [main] INFO  org.example.pages.inventory.InventoryPage - Triggering 'Reset App State' from burger menu
2026-09-24 16:51:53.051 [main] INFO  org.example.components.FooterComponent - Scrolling smoothly to global footer component
2026-09-24 16:51:53.883 [main] INFO  org.example.pages.inventory.InventoryPage - Scrolling back to top of catalog
2026-09-24 16:54:13.021 [main] INFO  org.example.pages.inventory.InventoryPage - Adding 'Sauce Labs Backpack' to cart from inventory
2026-09-24 16:54:13.380 [main] INFO  org.example.pages.inventory.InventoryPage - Adding 'Sauce Labs Bike Light' to cart from inventory
2026-09-24 16:54:13.547 [main] INFO  org.example.pages.inventory.InventoryPage - Adding 'Sauce Labs Bolt T-Shirt' to cart from inventory
2026-09-24 16:54:42.624 [main] INFO  org.example.pages.inventory.InventoryPage - Adding 'Sauce Labs Backpack' to cart from inventory
2026-09-24 16:54:43.091 [main] INFO  org.example.pages.inventory.InventoryPage - Removing 'Sauce Labs Backpack' from cart from inventory
2026-09-24 16:54:55.788 [main] INFO  org.example.pages.inventory.InventoryPage - Adding 'Sauce Labs Backpack' to cart from inventory
2026-09-24 16:54:56.041 [main] INFO  org.example.pages.inventory.InventoryPage - Adding 'Sauce Labs Bike Light' to cart from inventory
2026-09-24 16:54:56.208 [main] INFO  org.example.pages.inventory.InventoryPage - Adding 'Sauce Labs Bolt T-Shirt' to cart from inventory
2026-09-24 16:55:37.589 [main] INFO  org.example.pages.inventory.InventoryPage - Navigating to product details via image thumbnail for: 'Sauce Labs Bike Light'
2026-09-24 16:56:09.434 [main] INFO  org.example.pages.inventory.InventoryPage - Adding 'Sauce Labs Onesie' to cart from inventory
2026-09-24 16:56:09.718 [main] INFO  org.example.pages.inventory.InventoryPage - Removing 'Sauce Labs Onesie' from cart from inventory
2026-09-24 16:56:09.836 [main] INFO  org.example.pages.inventory.InventoryPage - Adding 'Sauce Labs Onesie' to cart from inventory
2026-09-24 16:56:10.030 [main] INFO  org.example.pages.inventory.InventoryPage - Removing 'Sauce Labs Onesie' from cart from inventory
2026-09-24 16:56:10.156 [main] INFO  org.example.pages.inventory.InventoryPage - Adding 'Sauce Labs Onesie' to cart from inventory
2026-09-24 16:56:10.351 [main] INFO  org.example.pages.inventory.InventoryPage - Removing 'Sauce Labs Onesie' from cart from inventory
2026-09-24 16:56:23.608 [main] INFO  org.example.pages.inventory.InventoryPage - Adding 'Sauce Labs Backpack' to cart from inventory
2026-09-24 16:56:23.710 [main] INFO  org.example.pages.inventory.InventoryPage - Adding 'Sauce Labs Bike Light' to cart from inventory
2026-09-24 16:56:23.940 [main] INFO  org.example.pages.inventory.InventoryPage - Triggering 'Reset App State' from burger menu
2026-09-24 16:56:36.015 [main] INFO  org.example.components.FooterComponent - Scrolling smoothly to global footer component
2026-09-24 16:56:36.286 [main] INFO  org.example.pages.inventory.InventoryPage - Scrolling back to top of catalog
2026-09-24 16:56:48.657 [main] INFO  org.example.pages.inventory.InventoryPage - Adding 'Sauce Labs Backpack' to cart from inventory
2026-09-24 16:56:48.914 [main] INFO  org.example.pages.inventory.InventoryPage - Adding 'Sauce Labs Bike Light' to cart from inventory
2026-09-24 16:56:49.075 [main] INFO  org.example.pages.inventory.InventoryPage - Adding 'Sauce Labs Bolt T-Shirt' to cart from inventory
2026-09-24 16:56:59.500 [main] INFO  org.example.pages.inventory.InventoryPage - Selecting catalog sort option by value: 'az'
2026-09-24 16:57:07.188 [main] INFO  org.example.pages.inventory.InventoryPage - Selecting catalog sort option by value: 'za'
2026-09-24 16:57:19.457 [main] INFO  org.example.pages.inventory.InventoryPage - Selecting catalog sort option by value: 'hilo'
2026-09-24 16:57:32.230 [main] INFO  org.example.pages.inventory.InventoryPage - Selecting catalog sort option by value: 'lohi'
2026-09-24 16:57:46.048 [main] INFO  org.example.pages.inventory.InventoryPage - Selecting catalog sort option by value: 'lohi'
2026-09-24 16:58:19.460 [main] INFO  org.example.pages.inventory.InventoryPage - Navigating to product details via title: 'Sauce Labs Bike Light'
2026-09-24 16:58:19.615 [main] INFO  org.example.pages.product.ProductDetailsPage - Clicking 'Add to cart' on Details Page
2026-09-24 16:58:19.852 [main] INFO  org.example.pages.product.ProductDetailsPage - Clicking 'Remove' on Details Page
2026-09-24 16:58:32.238 [main] INFO  org.example.pages.inventory.InventoryPage - Navigating to product details via title: 'Sauce Labs Bolt T-Shirt'
2026-09-24 16:58:32.478 [main] INFO  org.example.pages.product.ProductDetailsPage - Clicking 'Add to cart' on Details Page
2026-09-24 16:58:32.701 [main] INFO  org.example.pages.product.ProductDetailsPage - Navigating back to inventory catalog via '#back-to-products'
2026-09-24 16:58:41.667 [main] INFO  org.example.pages.inventory.InventoryPage - Navigating to product details via title: 'Sauce Labs Fleece Jacket'
2026-09-24 16:58:57.004 [main] INFO  org.example.pages.inventory.InventoryPage - Navigating to product details via title: 'Sauce Labs Backpack'
2026-09-24 16:59:11.121 [main] INFO  org.example.pages.inventory.InventoryPage - Navigating to product details via title: 'Sauce Labs Onesie'
2026-09-24 16:59:11.275 [main] INFO  org.example.pages.product.ProductDetailsPage - Navigating back to inventory catalog via '#back-to-products'
2026-09-24 16:59:25.428 [main] INFO  org.example.pages.inventory.InventoryPage - Navigating to product details via title: 'Sauce Labs Backpack'
2026-09-24 17:00:06.099 [main] INFO  org.example.pages.inventory.InventoryPage - Adding 'Sauce Labs Backpack' to cart from inventory
2026-09-24 17:00:06.226 [main] INFO  org.example.pages.inventory.InventoryPage - Adding 'Sauce Labs Bike Light' to cart from inventory
2026-09-24 17:00:06.337 [main] INFO  org.example.pages.inventory.InventoryPage - Adding 'Sauce Labs Bolt T-Shirt' to cart from inventory
2026-09-24 17:00:15.954 [main] INFO  org.example.pages.inventory.InventoryPage - Adding 'Sauce Labs Backpack' to cart from inventory
2026-09-24 17:00:27.803 [main] INFO  org.example.pages.inventory.InventoryPage - Adding 'Sauce Labs Backpack' to cart from inventory
2026-09-24 17:00:49.216 [main] INFO  org.example.pages.inventory.InventoryPage - Adding 'Sauce Labs Fleece Jacket' to cart from inventory
2026-09-24 17:00:49.450 [main] INFO  org.example.pages.inventory.InventoryPage - Removing 'Sauce Labs Fleece Jacket' from cart from inventory
2026-09-24 17:01:03.167 [main] INFO  org.example.pages.inventory.InventoryPage - Adding 'Sauce Labs Backpack' to cart from inventory
2026-09-24 17:01:03.297 [main] INFO  org.example.pages.inventory.InventoryPage - Adding 'Sauce Labs Bike Light' to cart from inventory
2026-09-24 17:01:03.553 [main] INFO  org.example.pages.cart.CartPage - Removing item from cart inside Cart view: 'Sauce Labs Backpack'
2026-09-24 17:01:14.514 [main] INFO  org.example.pages.inventory.InventoryPage - Adding 'Sauce Labs Backpack' to cart from inventory
2026-09-24 17:01:14.670 [main] INFO  org.example.pages.inventory.InventoryPage - Adding 'Sauce Labs Bike Light' to cart from inventory
2026-09-24 17:01:14.912 [main] INFO  org.example.pages.inventory.InventoryPage - Triggering 'Reset App State' from burger menu
2026-09-24 17:01:27.718 [main] INFO  org.example.pages.inventory.InventoryPage - Adding 'Sauce Labs Backpack' to cart from inventory
2026-09-24 17:01:28.042 [main] INFO  org.example.pages.inventory.InventoryPage - Adding 'Sauce Labs Bike Light' to cart from inventory
2026-09-24 17:01:28.217 [main] INFO  org.example.pages.inventory.InventoryPage - Adding 'Sauce Labs Onesie' to cart from inventory
2026-09-24 17:01:43.453 [main] INFO  org.example.pages.inventory.InventoryPage - Adding 'Sauce Labs Backpack' to cart from inventory
2026-09-24 17:01:43.648 [main] INFO  org.example.pages.inventory.InventoryPage - Removing 'Sauce Labs Backpack' from cart from inventory
2026-09-24 17:02:11.554 [main] INFO  org.example.pages.inventory.InventoryPage - Adding 'Sauce Labs Backpack' to cart from inventory
2026-09-24 17:02:11.772 [main] INFO  org.example.pages.cart.CartPage - Clicking 'Checkout' to begin checkout workflow
2026-09-24 17:02:25.775 [main] INFO  org.example.pages.inventory.InventoryPage - Adding 'Sauce Labs Backpack' to cart from inventory
2026-09-24 17:02:26.201 [main] INFO  org.example.pages.cart.CartPage - Clicking 'Checkout' to begin checkout workflow
2026-09-24 17:02:27.190 [main] INFO  org.example.pages.checkout.CheckoutStepOnePage - Submitting customer information and continuing to Step Two
2026-09-24 17:02:28.421 [main] INFO  org.example.pages.checkout.CheckoutStepTwoPage - Clicking 'Finish' to complete order
2026-09-24 17:02:50.142 [main] INFO  org.example.pages.inventory.InventoryPage - Adding 'Sauce Labs Backpack' to cart from inventory
2026-09-24 17:02:50.277 [main] INFO  org.example.pages.inventory.InventoryPage - Adding 'Sauce Labs Bike Light' to cart from inventory
2026-09-24 17:02:50.397 [main] INFO  org.example.pages.inventory.InventoryPage - Adding 'Sauce Labs Fleece Jacket' to cart from inventory
2026-09-24 17:02:50.593 [main] INFO  org.example.pages.cart.CartPage - Clicking 'Checkout' to begin checkout workflow
2026-09-24 17:02:51.139 [main] INFO  org.example.pages.checkout.CheckoutStepOnePage - Submitting customer information and continuing to Step Two
2026-09-24 17:03:05.534 [main] INFO  org.example.pages.inventory.InventoryPage - Adding 'Sauce Labs Backpack' to cart from inventory
2026-09-24 17:03:05.844 [main] INFO  org.example.pages.cart.CartPage - Clicking 'Checkout' to begin checkout workflow
2026-09-24 17:03:16.721 [main] INFO  org.example.pages.inventory.InventoryPage - Adding 'Sauce Labs Backpack' to cart from inventory
2026-09-24 17:03:17.123 [main] INFO  org.example.pages.cart.CartPage - Clicking 'Checkout' to begin checkout workflow
2026-09-24 17:03:30.173 [main] INFO  org.example.pages.inventory.InventoryPage - Adding 'Sauce Labs Backpack' to cart from inventory
2026-09-24 17:03:30.457 [main] INFO  org.example.pages.cart.CartPage - Clicking 'Checkout' to begin checkout workflow
2026-09-24 17:03:47.095 [main] INFO  org.example.pages.inventory.InventoryPage - Adding 'Sauce Labs Backpack' to cart from inventory
2026-09-24 17:03:47.272 [main] INFO  org.example.pages.inventory.InventoryPage - Adding 'Sauce Labs Bike Light' to cart from inventory
2026-09-24 17:03:47.495 [main] INFO  org.example.pages.cart.CartPage - Clicking 'Checkout' to begin checkout workflow
2026-09-24 17:03:47.960 [main] INFO  org.example.pages.checkout.CheckoutStepOnePage - Submitting customer information and continuing to Step Two
2026-09-24 17:04:28.643 [main] INFO  org.example.pages.inventory.InventoryPage - Adding 'Sauce Labs Backpack' to cart from inventory
2026-09-24 17:04:40.963 [main] INFO  org.example.pages.inventory.InventoryPage - Adding 'Sauce Labs Backpack' to cart from inventory
2026-09-24 17:05:36.308 [main] INFO  org.example.pages.inventory.InventoryPage - Adding 'Sauce Labs Backpack' to cart from inventory
2026-09-24 17:05:36.502 [main] INFO  org.example.pages.inventory.InventoryPage - Adding 'Sauce Labs Bike Light' to cart from inventory
2026-09-24 17:05:36.608 [main] INFO  org.example.pages.inventory.InventoryPage - Adding 'Sauce Labs Bolt T-Shirt' to cart from inventory
